../Core/Src/main.c:92:5:main	3
../Core/Src/main.c:179:6:SystemClock_Config	3
../Core/Src/main.c:218:13:MX_ADC1_Init	3
../Core/Src/main.c:275:13:MX_FDCAN1_Init	2
../Core/Src/main.c:318:13:MX_I2C2_Init	4
../Core/Src/main.c:366:13:MX_TIM1_Init	6
../Core/Src/main.c:442:13:MX_TIM2_Init	4
../Core/Src/main.c:487:13:MX_GPIO_Init	1
../Core/Src/main.c:504:10:ReadServoPositionADC	2
../Core/Src/main.c:523:6:init_ina219	1
../Core/Src/main.c:532:7:read_ina219	1
../Core/Src/main.c:539:6:writeINA219	1
../Core/Src/main.c:554:14:readINA219	1
../Core/Src/main.c:578:6:Error_Handler	1
