../Core/Src/main.c:108:5:main	8	static
../Core/Src/main.c:202:6:SystemClock_Config	64	static
../Core/Src/main.c:241:13:MX_ADC1_Init	24	static
../Core/Src/main.c:298:13:MX_FDCAN1_Init	8	static
../Core/Src/main.c:341:13:MX_I2C2_Init	8	static
../Core/Src/main.c:389:13:MX_TIM1_Init	104	static
../Core/Src/main.c:465:13:MX_TIM2_Init	40	static
../Core/Src/main.c:510:13:MX_GPIO_Init	24	static
../Core/Src/main.c:527:10:ReadServoPositionADC	16	static
../Core/Src/main.c:547:6:init_ina219	16	static
../Core/Src/main.c:555:7:read_ina219	24	static
../Core/Src/main.c:563:6:writeINA219	32	static
../Core/Src/main.c:573:6:HAL_TIM_PeriodElapsedCallback	40	static
../Core/Src/main.c:625:14:readINA219	40	static
../Core/Src/main.c:634:6:PWM_Test_Motor	8	static
../Core/Src/main.c:657:6:Motor_Off	8	static
../Core/Src/main.c:668:6:Error_Handler	8	static,ignoring_inline_asm
