../Core/Src/main.c:92:5:main	16	static
../Core/Src/main.c:164:6:SystemClock_Config	64	static
../Core/Src/main.c:203:13:MX_ADC1_Init	24	static
../Core/Src/main.c:260:13:MX_FDCAN1_Init	8	static
../Core/Src/main.c:303:13:MX_I2C2_Init	8	static
../Core/Src/main.c:351:13:MX_TIM1_Init	104	static
../Core/Src/main.c:427:13:MX_TIM2_Init	40	static
../Core/Src/main.c:472:13:MX_GPIO_Init	24	static
../Core/Src/main.c:489:10:ReadServoPositionADC	16	static
../Core/Src/main.c:509:6:init_ina219	16	static
../Core/Src/main.c:517:7:read_ina219	24	static
../Core/Src/main.c:525:6:writeINA219	32	static
../Core/Src/main.c:535:14:readINA219	40	static
../Core/Src/main.c:549:6:Error_Handler	8	static,ignoring_inline_asm
