2026-06-15 04:17:29,235 [INFO] Activator:176 - 


2026-06-15 04:17:29,238 [INFO] Activator:177 - !SESSION log4j initialized
2026-06-15 04:17:32,098 [INFO] LogOutputStream:77 - [STDOUT_REDIRECT] 
2026-06-15 04:17:32,245 [INFO] LogOutputStream:77 - [STDOUT_REDIRECT] Start the detection of the machine's architecture
2026-06-15 04:17:32,257 [INFO] LogOutputStream:77 - [STDOUT_REDIRECT] use arm architecture
2026-06-15 04:17:32,257 [INFO] LogOutputStream:77 - [STDOUT_REDIRECT] Architecture: Apple Silicon (ARM64)
2026-06-15 05:57:41,175 [ERROR] LogOutputStream:75 - [STDERR_REDIRECT] 
2026-06-15 05:57:46,425 [INFO] Activator:176 - 


2026-06-15 05:57:46,426 [INFO] Activator:177 - !SESSION log4j initialized
2026-06-15 05:57:49,487 [INFO] LogOutputStream:77 - [STDOUT_REDIRECT] 
2026-06-15 05:57:49,729 [INFO] LogOutputStream:77 - [STDOUT_REDIRECT] Start the detection of the machine's architecture
2026-06-15 05:57:49,743 [INFO] LogOutputStream:77 - [STDOUT_REDIRECT] use arm architecture
2026-06-15 05:57:49,743 [INFO] LogOutputStream:77 - [STDOUT_REDIRECT] Architecture: Apple Silicon (ARM64)
2026-06-15 05:57:50,619 [ERROR] LogOutputStream:75 - [STDERR_REDIRECT] 
2026-06-15 06:04:06,891 [INFO] Activator:176 - 


2026-06-15 06:04:06,892 [INFO] Activator:177 - !SESSION log4j initialized
2026-06-15 06:04:10,476 [INFO] LogOutputStream:77 - [STDOUT_REDIRECT] 
2026-06-15 06:04:10,599 [INFO] LogOutputStream:77 - [STDOUT_REDIRECT] Start the detection of the machine's architecture
2026-06-15 06:04:10,609 [INFO] LogOutputStream:77 - [STDOUT_REDIRECT] use arm architecture
2026-06-15 06:04:10,609 [INFO] LogOutputStream:77 - [STDOUT_REDIRECT] Architecture: Apple Silicon (ARM64)
2026-06-15 06:19:08,958 [ERROR] LogOutputStream:75 - [STDERR_REDIRECT] 
2026-06-15 07:03:46,017 [INFO] Activator:176 - 


2026-06-15 07:03:46,018 [INFO] Activator:177 - !SESSION log4j initialized
2026-06-15 07:03:48,950 [INFO] LogOutputStream:77 - [STDOUT_REDIRECT] 
2026-06-15 07:03:49,063 [INFO] LogOutputStream:77 - [STDOUT_REDIRECT] Start the detection of the machine's architecture
2026-06-15 07:03:49,073 [INFO] LogOutputStream:77 - [STDOUT_REDIRECT] use arm architecture
2026-06-15 07:03:49,073 [INFO] LogOutputStream:77 - [STDOUT_REDIRECT] Architecture: Apple Silicon (ARM64)
2026-06-15 07:03:50,116 [ERROR] LogOutputStream:75 - [STDERR_REDIRECT] 
2026-06-15 07:26:45,215 [INFO] Activator:176 - 


2026-06-15 07:26:45,216 [INFO] Activator:177 - !SESSION log4j initialized
2026-06-15 07:26:48,195 [INFO] LogOutputStream:77 - [STDOUT_REDIRECT] 
2026-06-15 07:26:48,312 [INFO] LogOutputStream:77 - [STDOUT_REDIRECT] Start the detection of the machine's architecture
2026-06-15 07:26:48,321 [INFO] LogOutputStream:77 - [STDOUT_REDIRECT] use arm architecture
2026-06-15 07:26:48,321 [INFO] LogOutputStream:77 - [STDOUT_REDIRECT] Architecture: Apple Silicon (ARM64)
2026-06-15 07:28:08,316 [ERROR] LogOutputStream:75 - [STDERR_REDIRECT] 
